// Jest Snapshot v1, https://goo.gl/fbAQLP

exports[`Add todo correctly 1`] = `
Array [
  <li
    class="todo"
    data-testid="todo"
  >
    <div
      class="stack-small"
    >
      <div
        class="c-cb"
      >
        <input
          data-testid="chbxComplete"
          id="todo-9b68920b-b1b8-44b6-9cb4-61271c2a1127"
          type="checkbox"
        />
        <label
          class="todo-label"
          for="todo-9b68920b-b1b8-44b6-9cb4-61271c2a1127"
        >
          Todo Test
        </label>
      </div>
      <div
        class="btn-group"
      >
        <button
          class="btn"
          data-testid="btnEdit"
          type="button"
        >
          Edit 
          <span
            class="visually-hidden"
          >
            Todo Test
          </span>
        </button>
        <button
          class="btn btn__danger"
          data-testid="btnDelete"
          type="button"
        >
          Delete 
          <span
            class="visually-hidden"
          >
            Todo Test
          </span>
        </button>
      </div>
    </div>
  </li>,
]
`;
